Logging in...
Γ£ô Got token

Getting machines...
Machines response: [
  {
    "id": "cmm5ljo5o03d0su86io57yxpk",
    "name": "Air #123",
    "type": "Air Compressor",
    "status": "ONLINE",
    "approvalStatus": "APPROVED",
    "factoryId": "default-factory-id",
    "createdById": "cmm5eyawj00056kv9v0obz0k4",
    "approvedById": "cmm5exgwu00036kv94kh66lob",
    "approvedAt": "2026-02-28T09:10:52.046Z",
    "createdAt": "2026-02-28T00:42:22.087Z",
    "updatedAt": "2026-02-28T09:10:52.047Z",
    "factory": {
      "name": "NEXOVA Main Factory"
    },
    "createdBy": {
      "name": "technician",
      "email": "technician@gmail.com",
      "role": "TECHNICIAN"
    },
    "_count": {
      "energyReadings": 22398,
      "alerts": 0
    }
  },
  {
    "id": "cmm5ke4gn00fdw7620ikz4mg0",
    "name": "CNC Machine Beta-125",
    "type": "CNC Machine",
    "status": "ONLINE",
    "approvalStatus": "APPROVED",
    "factoryId": "default-factory-id",
    "createdById": "cmm5exgwu00036kv94kh66lob",
    "approvedById": null,
    "approvedAt": null,
    "createdAt": "2026-02-28T00:10:03.671Z",
    "updatedAt": "2026-02-28T00:10:03.671Z",
    "factory": {
      "name": "NEXOVA Main Factory"
    },
    "createdBy": {
      "name": "admin",
      "email": "admin@gmail.com",
      "role": "ADMIN"
    },
    "_count": {
      "energyReadings": 23553,
      "alerts": 0
    }
  },
  {
    "id": "cmm5kcosh000fd3tqb4ky91eb",
    "name": "CNC Machine Beta-7",
    "type": "CNC Machine",
    "status": "ONLINE",
    "approvalStatus": "APPROVED",
    "factoryId": "default-factory-id",
    "createdById": null,
    "approvedById": null,
    "approvedAt": null,
    "createdAt": "2026-02-28T00:08:56.705Z",
    "updatedAt": "2026-02-28T00:08:56.705Z",
    "factory": {
      "name": "NEXOVA Main Factory"
    },
    "createdBy": null,
    "_count": {
      "energyReadings": 23768,
      "alerts": 0
    }
  },
  {
    "id": "cmm5kcosd000dd3tqt15ig10e",
    "name": "Welding Robot RW-9",
    "type": "Welding Robot",
    "status": "MAINTENANCE",
    "approvalStatus": "APPROVED",
    "factoryId": "default-factory-id",
    "createdById": null,
    "approvedById": null,
    "approvedAt": null,
    "createdAt": "2026-02-28T00:08:56.702Z",
    "updatedAt": "2026-02-28T00:08:56.702Z",
    "factory": {
      "name": "NEXOVA Main Factory"
    },
    "createdBy": null,
    "_count": {
      "energyReadings": 23768,
      "alerts": 0
    }
  },
  {
    "id": "cmm5kcosa000bd3tq0xc1q3w5",
    "name": "Air Compressor C12",
    "type": "Air Compressor",
    "status": "ONLINE",
    "approvalStatus": "APPROVED",
    "factoryId": "default-factory-id",
    "createdById": null,
    "approvedById": null,
    "approvedAt": null,
    "createdAt": "2026-02-28T00:08:56.699Z",
    "updatedAt": "2026-02-28T00:08:56.699Z",
    "factory": {
      "name": "NEXOVA Main Factory"
    },
    "createdBy": null,
    "_count": {
      "energyReadings": 23768,
      "alerts": 0
    }
  },
  {
    "id": "cmm5kcos40009d3tq8hxoxlwy",
    "name": "Conveyor Belt B7",
    "type": "Conveyor Belt",
    "status": "WARNING",
    "approvalStatus": "APPROVED",
    "factoryId": "default-factory-id",
    "createdById": null,
    "approvedById": null,
    "approvedAt": null,
    "createdAt": "2026-02-28T00:08:56.692Z",
    "updatedAt": "2026-02-28T00:08:56.692Z",
    "factory": {
      "name": "NEXOVA Main Factory"
    },
    "createdBy": null,
    "_count": {
      "energyReadings": 23768,
      "alerts": 0
    }
  },
  {
    "id": "cmm5kcos00007d3tqcjes4db4",
    "name": "CNC Machine Alpha-3",
    "type": "CNC Machine",
    "status": "ONLINE",
    "approvalStatus": "APPROVED",
    "factoryId": "default-factory-id",
    "createdById": null,
    "approvedById": null,
    "approvedAt": null,
    "createdAt": "2026-02-28T00:08:56.688Z",
    "updatedAt": "2026-02-28T00:08:56.688Z",
    "factory": {
      "name": "NEXOVA Main Factory"
    },
    "createdBy": null,
    "_count": {
      "energyReadings": 23768,
      "alerts": 0
    }
  },
  {
    "id": "cmm5kcort0005d3tqmoqfc1p1",
    "name": "Hydraulic Press 45/TX-21",
    "type": "Hydraulic Press",
    "status": "ONLINE",
    "approvalStatus": "APPROVED",
    "factoryId": "default-factory-id",
    "createdById": null,
    "approvedById": null,
    "approvedAt": null,
    "createdAt": "2026-02-28T00:08:56.681Z",
    "updatedAt": "2026-02-28T00:08:56.681Z",
    "factory": {
      "name": "NEXOVA Main Factory"
    },
    "createdBy": null,
    "_count": {
      "energyReadings": 23768,
      "alerts": 4
    }
  },
  {
    "id": "cmm5kcehr000fij3wn2h4xlt0",
    "name": "CNC Machine Beta-7",
    "type": "CNC Machine",
    "status": "ONLINE",
    "approvalStatus": "APPROVED",
    "factoryId": "default-factory-id",
    "createdById": null,
    "approvedById": null,
    "approvedAt": null,
    "createdAt": "2026-02-28T00:08:43.359Z",
    "updatedAt": "2026-02-28T00:08:43.359Z",
    "factory": {
      "name": "NEXOVA Main Factory"
    },
    "createdBy": null,
    "_count": {
      "energyReadings": 23770,
      "alerts": 0
    }
  },
  {
    "id": "cmm5kcehl000dij3wxkgy6oo4",
    "name": "Welding Robot RW-9",
    "type": "Welding Robot",
    "status": "MAINTENANCE",
    "approvalStatus": "APPROVED",
    "factoryId": "default-factory-id",
    "createdById": null,
    "approvedById": null,
    "approvedAt": null,
    "createdAt": "2026-02-28T00:08:43.353Z",
    "updatedAt": "2026-02-28T00:08:43.353Z",
    "factory": {
      "name": "NEXOVA Main Factory"
    },
    "createdBy": null,
    "_count": {
      "energyReadings": 23770,
      "alerts": 0
    }
  },
  {
    "id": "cmm5kcehh000bij3wjdidf6dh",
    "name": "Air Compressor C12",
    "type": "Air Compressor",
    "status": "ONLINE",
    "approvalStatus": "APPROVED",
    "factoryId": "default-factory-id",
    "createdById": null,
    "approvedById": null,
    "approvedAt": null,
    "createdAt": "2026-02-28T00:08:43.350Z",
    "updatedAt": "2026-02-28T00:08:43.350Z",
    "factory": {
      "name": "NEXOVA Main Factory"
    },
    "createdBy": null,
    "_count": {
      "energyReadings": 23770,
      "alerts": 0
    }
  },
  {
    "id": "cmm5kcehc0009ij3w1v15l0s5",
    "name": "Conveyor Belt B7",
    "type": "Conveyor Belt",
    "status": "WARNING",
    "approvalStatus": "APPROVED",
    "factoryId": "default-factory-id",
    "createdById": null,
    "approvedById": null,
    "approvedAt": null,
    "createdAt": "2026-02-28T00:08:43.345Z",
    "updatedAt": "2026-02-28T00:08:43.345Z",
    "factory": {
      "name": "NEXOVA Main Factory"
    },
    "createdBy": null,
    "_count": {
      "energyReadings": 23770,
      "alerts": 0
    }
  },
  {
    "id": "cmm5kceh80007ij3w31hywug6",
    "name": "CNC Machine Alpha-3",
    "type": "CNC Machine",
    "status": "ONLINE",
    "approvalStatus": "APPROVED",
    "factoryId": "default-factory-id",
    "createdById": null,
    "approvedById": null,
    "approvedAt": null,
    "createdAt": "2026-02-28T00:08:43.341Z",
    "updatedAt": "2026-02-28T00:08:43.341Z",
    "factory": {
      "name": "NEXOVA Main Factory"
    },
    "createdBy": null,
    "_count": {
      "energyReadings": 23770,
      "alerts": 0
    }
  },
  {
    "id": "cmm5kceh20005ij3wmfyeww9y",
    "name": "Hydraulic Press 45/TX-21",
    "type": "Hydraulic Press",
    "status": "ONLINE",
    "approvalStatus": "APPROVED",
    "factoryId": "default-factory-id",
    "createdById": null,
    "approvedById": null,
    "approvedAt": null,
    "createdAt": "2026-02-28T00:08:43.334Z",
    "updatedAt": "2026-02-28T00:08:43.334Z",
    "factory": {
      "name": "NEXOVA Main Factory"
    },
    "createdBy": null,
    "_count": {
      "energyReadings": 23770,
      "alerts": 4
    }
  }
]
Γ£ô Found 14 machines
Testing with machine: Air #123 (ID: cmm5ljo5o03d0su86io57yxpk)

Testing production simulation...
Γ£ô Production simulation succeeded!

Response:
{
  "machineId": "cmm5ljo5o03d0su86io57yxpk",
  "machineName": "Air #123",
  "machineType": "Air Compressor",
  "scenario": {
    "operationHours": 24,
    "targetProduction": 1000,
    "materialUsed": 500,
    "materialType": "steel"
  },
  "baselineMetrics": {
    "totalEnergyConsumption": 573.14,
    "energyCost": 68.78,
    "materialWaste": 65,
    "materialCost": 52,
    "totalCost": 120.78,
    "costPerUnit": 0.12,
    "co2Emissions": 229.25
  },
  "optimizedMetrics": {
    "totalEnergyConsumption": 303.43,
    "energyCost": 36.41,
    "materialWaste": 40,
    "materialCost": 32,
    "totalCost": 68.41,
    "costPerUnit": 0.07,
    "co2Emissions": 121.37
  },
  "savings": {
    "energySavings": 269.71,
    "moneySavings": 52.37,
    "wasteReduction": 25,
    "percentageSavings": 43.36,
    "co2Reduction": 107.88
  },
  "recommendations": [
    {
      "title": "Γ¥ä∩╕Å Improve Cooling System",
      "description": "Current temp 146.4┬░C. Upgrade cooling or add active cooling to reach optimal 55┬░C.",
      "estimatedSavings": 398.1950180392155,
      "implementationTime": "2-3 days",
      "difficulty": "MEDIUM",
      "impact": "Reduce energy by 15-20%, increase lifespan 30%"
    },
    {
      "title": "≡ƒöº Balance & Alignment",
      "description": "Vibration 6.20 mm/s. Perform dynamic balancing and precision alignment.",
      "estimatedSavings": 318.55601443137243,
      "implementationTime": "1 day",
      "difficulty": "MEDIUM",
      "impact": "Reduce vibration 40%, improve quality, extend bearings 25%"
    },
    {
      "title": "ΓÖ╗∩╕Å Material Optimization",
      "description": "Waste rate 13.0%. Optimize patterns and add waste recovery.",
      "estimatedSavings": 477.8340216470586,
      "implementationTime": "1 week",
      "difficulty": "HARD",
      "impact": "Reduce waste 30-40%, improve profitability 8-12%"
    },
    {
      "title": "ΓÜí Variable Frequency Drive (VFD)",
      "description": "Install VFD to adjust motor speed by load. Reduces energy during light loads.",
      "estimatedSavings": 238.9170108235293,
      "implementationTime": "2-3 days",
      "difficulty": "HARD",
      "impact": "Save 10-15% energy, extend lifespan 40%"
    }
  ],
  "riskAssessment": {
    "failureProbability": 0.7,
    "qualityImpact": "MEDIUM",
    "recommendation": "≡ƒÜ¿ High failure risk. Schedule maintenance before production."
  },
  "confidenceScore": 70
}
